backend/middleware/errorMiddleware.ts(3,20): error TS6133: 'ErrorType' is declared but its value is never read.
backend/middleware/errorMiddleware.ts(22,3): error TS6133: 'req' is declared but its value is never read.
backend/middleware/errorMiddleware.ts(105,27): error TS6133: 'err' is declared but its value is never read.
backend/middleware/errorMiddleware.ts(159,23): error TS6133: 'req' is declared but its value is never read.
backend/middleware/roleMiddleware.ts(35,25): error TS6133: 'res' is declared but its value is never read.
backend/middleware/roleMiddleware.ts(62,25): error TS6133: 'res' is declared but its value is never read.
backend/middleware/roleMiddleware.ts(85,25): error TS6133: 'res' is declared but its value is never read.
backend/middleware/roleMiddleware.ts(119,43): error TS6133: 'res' is declared but its value is never read.
backend/middleware/roleMiddleware.ts(141,25): error TS6133: 'res' is declared but its value is never read.
backend/middleware/roleMiddleware.ts(172,25): error TS6133: 'res' is declared but its value is never read.
backend/middleware/roleMiddleware.ts(221,31): error TS6133: 'res' is declared but its value is never read.
backend/middleware/validationMiddleware.ts(53,25): error TS6133: 'res' is declared but its value is never read.
backend/routes/friendRoutes.ts(4,3): error TS2305: Module '"../controllers/friendcontroller"' has no exported member 'addFriend'.
backend/routes/friendRoutes.ts(5,3): error TS2724: '"../controllers/friendcontroller"' has no exported member named 'createFriendRequest'. Did you mean 'acceptFriendRequest'?
backend/routes/friendRoutes.ts(6,3): error TS2305: Module '"../controllers/friendcontroller"' has no exported member 'listFriends'.
backend/routes/friendRoutes.ts(8,3): error TS2305: Module '"../controllers/friendcontroller"' has no exported member 'updateFriendship'.
backend/routes/userRoutes.ts(1,1): error TS6133: 'Router' is declared but its value is never read.
backend/sockets/socketHandler.ts(32,3): error TS2724: '"../types/socket.types"' has no exported member named 'ServerEvents'. Did you mean 'ServerEventNames'?
frontend/context/AuthContext.tsx(67,29): error TS2551: Property 'catch' does not exist on type 'PostgrestFilterBuilder<any, any, any, null, "profiles", unknown, "POST"> & PostgrestBuilder<any, null, true>'. Did you mean 'match'?
frontend/layouts/mainlayout.tsx(135,7): error TS6133: 'STATS' is declared but its value is never read.
frontend/layouts/mainlayout.tsx(142,7): error TS6133: 'ACTIVITIES' is declared but its value is never read.
frontend/layouts/mainlayout.tsx(149,7): error TS6133: 'MODES' is declared but its value is never read.
frontend/pages/auth/login.tsx(18,21): error TS6133: 'T' is declared but its value is never read.
frontend/pages/blog.tsx(8,3): error TS6133: 'ReactNode' is declared but its value is never read.
frontend/pages/channels.tsx(1,8): error TS6133: 'React' is declared but its value is never read.
frontend/pages/chat.tsx(1,8): error TS6133: 'React' is declared but its value is never read.
frontend/pages/profile.tsx(187,8): error TS2339: Property 'catch' does not exist on type 'PromiseLike<void>'.
frontend/services/socketService.ts(127,11): error TS6133: 'authToken' is declared but its value is never read.
frontend/services/socketService.ts(184,11): error TS6133: 'cleanUrl' is declared but its value is never read.
